[2026-02-08T10:36:24.632+0000] {taskinstance.py:1956} INFO - Dependencies all met for dep_context=non-requeueable deps ti=<TaskInstance: airflow_dbt_spotify_pipeline.ingest_spotify_data_to_minio manual__2026-02-08T10:36:23.873633+00:00 [queued]>
[2026-02-08T10:36:24.636+0000] {taskinstance.py:1956} INFO - Dependencies all met for dep_context=requeueable deps ti=<TaskInstance: airflow_dbt_spotify_pipeline.ingest_spotify_data_to_minio manual__2026-02-08T10:36:23.873633+00:00 [queued]>
[2026-02-08T10:36:24.636+0000] {taskinstance.py:2170} INFO - Starting attempt 1 of 2
[2026-02-08T10:36:24.641+0000] {taskinstance.py:2191} INFO - Executing <Task(_PythonDecoratedOperator): ingest_spotify_data_to_minio> on 2026-02-08 10:36:23.873633+00:00
[2026-02-08T10:36:24.645+0000] {standard_task_runner.py:60} INFO - Started process 1941 to run task
[2026-02-08T10:36:24.647+0000] {standard_task_runner.py:87} INFO - Running: ['***', 'tasks', 'run', '***_dbt_spotify_pipeline', 'ingest_spotify_data_to_minio', 'manual__2026-02-08T10:36:23.873633+00:00', '--job-id', '264', '--raw', '--subdir', 'DAGS_FOLDER/sportify_pipeline_dag.py', '--cfg-path', '/tmp/tmp4coohyqf']
[2026-02-08T10:36:24.649+0000] {standard_task_runner.py:88} INFO - Job 264: Subtask ingest_spotify_data_to_minio
[2026-02-08T10:36:24.677+0000] {task_command.py:423} INFO - Running <TaskInstance: airflow_dbt_spotify_pipeline.ingest_spotify_data_to_minio manual__2026-02-08T10:36:23.873633+00:00 [running]> on host 63d90b64f023
[2026-02-08T10:36:24.861+0000] {taskinstance.py:2480} INFO - Exporting env vars: AIRFLOW_CTX_DAG_EMAIL='edison@inkomoko.com' AIRFLOW_CTX_DAG_OWNER='INKOMOKO' AIRFLOW_CTX_DAG_ID='***_dbt_spotify_pipeline' AIRFLOW_CTX_TASK_ID='ingest_spotify_data_to_minio' AIRFLOW_CTX_EXECUTION_DATE='2026-02-08T10:36:23.873633+00:00' AIRFLOW_CTX_TRY_NUMBER='1' AIRFLOW_CTX_DAG_RUN_ID='manual__2026-02-08T10:36:23.873633+00:00'
[2026-02-08T10:36:24.879+0000] {extract_spotify_data.py:42} ERROR - Error occured while reading stotify ids json file: [Errno 2] No such file or directory: '/opt/***/dags/include/spotify_ids.json'
[2026-02-08T10:36:24.880+0000] {sportify_pipeline_dag.py:146} CRITICAL - Unexpected error while trying to ingest spotify data to Minio: Error occured while reading stotify ids json file
[2026-02-08T10:36:24.881+0000] {taskinstance.py:2698} ERROR - Task failed with exception
Traceback (most recent call last):
  File "/opt/airflow/dags/include/row_data_generation/extract_spotify_data.py", line 34, in read_spotify_ids
    with open(json_file_path, 'r') as f:
FileNotFoundError: [Errno 2] No such file or directory: '/opt/airflow/dags/include/spotify_ids.json'

During handling of the above exception, another exception occurred:

Traceback (most recent call last):
  File "/home/airflow/.local/lib/python3.10/site-packages/airflow/models/taskinstance.py", line 433, in _execute_task
    result = execute_callable(context=context, **execute_callable_kwargs)
  File "/home/airflow/.local/lib/python3.10/site-packages/airflow/decorators/base.py", line 241, in execute
    return_value = super().execute(context)
  File "/home/airflow/.local/lib/python3.10/site-packages/airflow/operators/python.py", line 199, in execute
    return_value = self.execute_callable()
  File "/home/airflow/.local/lib/python3.10/site-packages/airflow/operators/python.py", line 216, in execute_callable
    return self.python_callable(*self.op_args, **self.op_kwargs)
  File "/opt/airflow/dags/sportify_pipeline_dag.py", line 101, in ingest_spotify_data_to_minio
    track_ids = read_spotify_ids(spotify_ids_json_path)
  File "/opt/airflow/dags/include/row_data_generation/extract_spotify_data.py", line 43, in read_spotify_ids
    raise Exception("Error occured while reading stotify ids json file")
Exception: Error occured while reading stotify ids json file
[2026-02-08T10:36:24.908+0000] {taskinstance.py:1138} INFO - Marking task as UP_FOR_RETRY. dag_id=***_dbt_spotify_pipeline, task_id=ingest_spotify_data_to_minio, execution_date=20260208T103623, start_date=20260208T103624, end_date=20260208T103624
[2026-02-08T10:36:24.930+0000] {standard_task_runner.py:107} ERROR - Failed to execute job 264 for task ingest_spotify_data_to_minio (Error occured while reading stotify ids json file; 1941)
[2026-02-08T10:36:24.967+0000] {local_task_job_runner.py:234} INFO - Task exited with return code 1
[2026-02-08T10:36:25.002+0000] {taskinstance.py:3280} INFO - 0 downstream tasks scheduled from follow-on schedule check
