[2026-02-07T17:19:46.691+0000] {taskinstance.py:1956} INFO - Dependencies all met for dep_context=non-requeueable deps ti=<TaskInstance: airflow_dbt_spotify_pipeline.prepare_staging_data manual__2026-02-07T17:19:40.455584+00:00 [queued]>
[2026-02-07T17:19:46.694+0000] {taskinstance.py:1956} INFO - Dependencies all met for dep_context=requeueable deps ti=<TaskInstance: airflow_dbt_spotify_pipeline.prepare_staging_data manual__2026-02-07T17:19:40.455584+00:00 [queued]>
[2026-02-07T17:19:46.695+0000] {taskinstance.py:2170} INFO - Starting attempt 1 of 1
[2026-02-07T17:19:46.699+0000] {taskinstance.py:2191} INFO - Executing <Task(_PythonDecoratedOperator): prepare_staging_data> on 2026-02-07 17:19:40.455584+00:00
[2026-02-07T17:19:46.703+0000] {standard_task_runner.py:60} INFO - Started process 10524 to run task
[2026-02-07T17:19:46.705+0000] {standard_task_runner.py:87} INFO - Running: ['***', 'tasks', 'run', '***_dbt_spotify_pipeline', 'prepare_staging_data', 'manual__2026-02-07T17:19:40.455584+00:00', '--job-id', '32', '--raw', '--subdir', 'DAGS_FOLDER/sportify_pipeline_dag.py', '--cfg-path', '/tmp/tmprct53pny']
[2026-02-07T17:19:46.706+0000] {standard_task_runner.py:88} INFO - Job 32: Subtask prepare_staging_data
[2026-02-07T17:19:46.730+0000] {task_command.py:423} INFO - Running <TaskInstance: airflow_dbt_spotify_pipeline.prepare_staging_data manual__2026-02-07T17:19:40.455584+00:00 [running]> on host 47d76e1ca2e6
[2026-02-07T17:19:46.767+0000] {taskinstance.py:2480} INFO - Exporting env vars: AIRFLOW_CTX_DAG_OWNER='***' AIRFLOW_CTX_DAG_ID='***_dbt_spotify_pipeline' AIRFLOW_CTX_TASK_ID='prepare_staging_data' AIRFLOW_CTX_EXECUTION_DATE='2026-02-07T17:19:40.455584+00:00' AIRFLOW_CTX_TRY_NUMBER='1' AIRFLOW_CTX_DAG_RUN_ID='manual__2026-02-07T17:19:40.455584+00:00'
[2026-02-07T17:19:47.194+0000] {sportify_pipeline_dag.py:75} INFO - Processing object: spotify_data/artists/artists_2026-02-07.json
[2026-02-07T17:19:47.200+0000] {sportify_pipeline_dag.py:87} ERROR - Error while trying to process artists data: object of type 'function' has no len()
[2026-02-07T17:19:47.200+0000] {sportify_pipeline_dag.py:102} ERROR - Unexpected error: Error while trying to process artists data
[2026-02-07T17:19:47.200+0000] {taskinstance.py:2698} ERROR - Task failed with exception
Traceback (most recent call last):
  File "/opt/airflow/dags/sportify_pipeline_dag.py", line 84, in prepare_staging_data
    logging.info(f"Sucessfully transformed {len(transformed_artists_data)} artists")
TypeError: object of type 'function' has no len()

During handling of the above exception, another exception occurred:

Traceback (most recent call last):
  File "/opt/airflow/dags/sportify_pipeline_dag.py", line 88, in prepare_staging_data
    raise Exception("Error while trying to process artists data")
Exception: Error while trying to process artists data

The above exception was the direct cause of the following exception:

Traceback (most recent call last):
  File "/home/airflow/.local/lib/python3.10/site-packages/airflow/models/taskinstance.py", line 433, in _execute_task
    result = execute_callable(context=context, **execute_callable_kwargs)
  File "/home/airflow/.local/lib/python3.10/site-packages/airflow/decorators/base.py", line 241, in execute
    return_value = super().execute(context)
  File "/home/airflow/.local/lib/python3.10/site-packages/airflow/operators/python.py", line 199, in execute
    return_value = self.execute_callable()
  File "/home/airflow/.local/lib/python3.10/site-packages/airflow/operators/python.py", line 216, in execute_callable
    return self.python_callable(*self.op_args, **self.op_kwargs)
  File "/opt/airflow/dags/sportify_pipeline_dag.py", line 103, in prepare_staging_data
    raise Exception(f"Failed to process artist data: {e}") from e
Exception: Failed to process artist data: Error while trying to process artists data
[2026-02-07T17:19:47.209+0000] {taskinstance.py:1138} INFO - Marking task as FAILED. dag_id=***_dbt_spotify_pipeline, task_id=prepare_staging_data, execution_date=20260207T171940, start_date=20260207T171946, end_date=20260207T171947
[2026-02-07T17:19:47.216+0000] {standard_task_runner.py:107} ERROR - Failed to execute job 32 for task prepare_staging_data (Failed to process artist data: Error while trying to process artists data; 10524)
[2026-02-07T17:19:47.259+0000] {local_task_job_runner.py:234} INFO - Task exited with return code 1
[2026-02-07T17:19:47.270+0000] {taskinstance.py:3280} INFO - 0 downstream tasks scheduled from follow-on schedule check
